24This is string number 1
25This is the second string